2025.04.08 03:27:06 INFO  Started: Metals version 1.0.1 in folders '/home/yusuken/.config/nvim/lua/config' for client Neovim 0.10.4+v0.10.4.[0m
Apr 08, 2025 3:27:06 AM org.flywaydb.core.internal.license.VersionPrinter printVersionOnly
INFO: Flyway Community Edition 9.21.2 by Redgate
Apr 08, 2025 3:27:06 AM org.flywaydb.core.internal.license.VersionPrinter printVersion
INFO: See release notes here: https://rd.gt/416ObMi
Apr 08, 2025 3:27:06 AM org.flywaydb.core.internal.license.VersionPrinter printVersion
INFO: 
Apr 08, 2025 3:27:06 AM org.flywaydb.core.FlywayExecutor execute
INFO: Database: jdbc:h2:file:/home/yusuken/.config/nvim/lua/config/.metals/metals (H2 2.1)
Apr 08, 2025 3:27:06 AM org.flywaydb.core.internal.schemahistory.JdbcTableSchemaHistory allAppliedMigrations
INFO: Schema history table "PUBLIC"."flyway_schema_history" does not exist yet
Apr 08, 2025 3:27:06 AM org.flywaydb.core.internal.command.DbValidate validate
INFO: Successfully validated 4 migrations (execution time 00:00.007s)
Apr 08, 2025 3:27:06 AM org.flywaydb.core.internal.schemahistory.JdbcTableSchemaHistory create
INFO: Creating Schema History table "PUBLIC"."flyway_schema_history" ...
Apr 08, 2025 3:27:06 AM org.flywaydb.core.internal.command.DbMigrate migrateGroup
INFO: Current version of schema "PUBLIC": << Empty Schema >>
Apr 08, 2025 3:27:06 AM org.flywaydb.core.internal.command.DbMigrate doMigrateGroup
INFO: Migrating schema "PUBLIC" to version "1 - Create tables"
Apr 08, 2025 3:27:06 AM org.flywaydb.core.internal.command.DbMigrate doMigrateGroup
INFO: Migrating schema "PUBLIC" to version "2 - Server discovery"
Apr 08, 2025 3:27:06 AM org.flywaydb.core.internal.command.DbMigrate doMigrateGroup
INFO: Migrating schema "PUBLIC" to version "3 - Jar symbols"
Apr 08, 2025 3:27:06 AM org.flywaydb.core.internal.command.DbMigrate doMigrateGroup
INFO: Migrating schema "PUBLIC" to version "4 - Fingerprints"
Apr 08, 2025 3:27:06 AM org.flywaydb.core.internal.command.DbMigrate logSummary
INFO: Successfully applied 4 migrations to schema "PUBLIC", now at version v4 (execution time 00:00.016s)
2025.04.08 03:27:06 INFO  time: initialize in 0.3s[0m
2025.04.08 03:27:07 WARN  Build server is not auto-connectable.[0m
2025.04.08 03:27:07 WARN  no build tool detected in workspace '/home/yusuken/.config/nvim/lua/config'. The most common cause for this problem is that the editor was opened in the wrong working directory, for example if you use sbt then the workspace directory should contain build.sbt. [0m
Apr 08, 2025 3:30:57 AM org.eclipse.lsp4j.jsonrpc.RemoteEndpoint handleCancellation
WARNING: Unmatched cancel notification for request id 176
2025.04.08 04:45:44 INFO  Shutting down server[0m
2025.04.08 04:45:44 INFO  shutting down Metals[0m
